 metropolis rat:  0.6410257      in           78 , best:    15.58316    
 local acceptance ratio:  0.6410257    
 metropolis rat:  0.7092199      in          141 , best:    15.14522    
 local acceptance ratio:  0.7936508    
 metropolis rat:  0.6976744      in          215 , best:    15.14522    
 local acceptance ratio:  0.6756757    
 metropolis rat:  0.6944444      in          288 , best:    15.14522    
 local acceptance ratio:  0.6849315    
 metropolis rat:  0.7042254      in          355 , best:    15.14522    
 local acceptance ratio:  0.7462686    
 metropolis rat:  0.6976744      in          430 , best:    15.14522    
 local acceptance ratio:  0.6666667    
 metropolis rat:  0.7000000      in          500 , best:    15.14522    
 local acceptance ratio:  0.7142857    
 metropolis rat:  0.6944444      in          576 , best:    15.14522    
 local acceptance ratio:  0.6578947    
 metropolis rat:  0.6976744      in          645 , best:    15.14522    
 local acceptance ratio:  0.7246377    
 Current convergence R-1 =    20.94961      chain steps =         699
 slow changes           0  power changes           0
 metropolis rat:  0.6954103      in          719 , best:    15.14522    
 local acceptance ratio:  0.6756757    
 metropolis rat:  0.6798517      in          809 , best:    15.14522    
 local acceptance ratio:  0.5555556    
 metropolis rat:  0.6703911      in          895 , best:    15.14522    
 local acceptance ratio:  0.5813953    
 Current convergence R-1 =    2.930613      chain steps =         939
 slow changes           0  power changes           0
 metropolis rat:  0.6625892      in          981 , best:    15.14522    
 local acceptance ratio:  0.5813953    
 metropolis rat:  0.6392694      in         1095 , best:    15.10326    
 local acceptance ratio:  0.4385965    
 Current convergence R-1 =   0.3473300      chain steps =        1177
 slow changes           0  power changes           0
 metropolis rat:  0.6276150      in         1195 , best:    15.10326    
 local acceptance ratio:  0.5000000    
 metropolis rat:  0.6172839      in         1296 , best:    15.10326    
 local acceptance ratio:  0.4950495    
 metropolis rat:  0.6054131      in         1404 , best:    15.10326    
 local acceptance ratio:  0.4629630    
 Current convergence R-1 =   0.1818284      chain steps =        1417
 slow changes           0  power changes           0
 metropolis rat:  0.6004003      in         1499 , best:    15.08406    
 local acceptance ratio:  0.5263158    
 metropolis rat:  0.5907960      in         1608 , best:    15.08406    
 local acceptance ratio:  0.4587156    
 Current convergence R-1 =   0.2090338      chain steps =        1657
 slow changes           0  power changes           0
 metropolis rat:  0.5777007      in         1731 , best:    15.08406    
 local acceptance ratio:  0.4065041    
 metropolis rat:  0.5684894      in         1847 , best:    15.07120    
 local acceptance ratio:  0.4310345    
 Current convergence R-1 =   0.2113636      chain steps =        1899
 slow changes           0  power changes           0
 metropolis rat:  0.5643920      in         1949 , best:    15.07120    
 local acceptance ratio:  0.4901961    
 metropolis rat:  0.5593385      in         2056 , best:    15.07120    
 local acceptance ratio:  0.4672897    
 Current convergence R-1 =   0.1486956      chain steps =        2139
 slow changes           0  power changes           0
 metropolis rat:  0.5555556      in         2160 , best:    15.07120    
 local acceptance ratio:  0.4807692    
 metropolis rat:  0.5504183      in         2271 , best:    15.07120    
 local acceptance ratio:  0.4504505    
 Current convergence R-1 =   0.1697556      chain steps =        2377
 slow changes           0  power changes           0
 metropolis rat:  0.5414411      in         2401 , best:    15.03400    
 local acceptance ratio:  0.3846154    
 metropolis rat:  0.5376344      in         2511 , best:    15.03400    
 local acceptance ratio:  0.4545455    
 metropolis rat:  0.5361930      in         2611 , best:    15.03400    
 local acceptance ratio:  0.5000000    
 Current convergence R-1 =   9.6119836E-02  chain steps =        2618
 slow changes           0  power changes           0
 metropolis rat:  0.5288111      in         2742 , best:    15.03400    
 local acceptance ratio:  0.3816794    
 metropolis rat:  0.5277973      in         2842 , best:    15.00777    
 local acceptance ratio:  0.5000000    
 Current convergence R-1 =   0.1199936      chain steps =        2859
 slow changes           0  power changes           0
 metropolis rat:  0.5254237      in         2950 , best:    14.78739    
 local acceptance ratio:  0.4629630    
 metropolis rat:  0.5223637      in         3063 , best:    14.78739    
 local acceptance ratio:  0.4424779    
 Current convergence R-1 =   0.1474927      chain steps =        3098
 slow changes           0  power changes           0
 metropolis rat:  0.5205047      in         3170 , best:    14.78739    
 local acceptance ratio:  0.4672897    
 metropolis rat:  0.5179768      in         3282 , best:    14.78739    
 local acceptance ratio:  0.4464286    
 Current convergence R-1 =   0.1348100      chain steps =        3339
 slow changes           0  power changes           0
 metropolis rat:  0.5141010      in         3404 , best:    14.78739    
 local acceptance ratio:  0.4098361    
 metropolis rat:  0.5134056      in         3506 , best:    14.78739    
 local acceptance ratio:  0.4901961    
 Current convergence R-1 =   0.1374250      chain steps =        3579
 slow changes           0  power changes           0
 metropolis rat:  0.5144605      in         3596 , best:    14.78739    
 local acceptance ratio:  0.5555556    
 metropolis rat:  0.5124056      in         3708 , best:    14.78739    
 local acceptance ratio:  0.4464286    
 Current convergence R-1 =   0.1025779      chain steps =        3817
 slow changes           0  power changes           0
 metropolis rat:  0.5104712      in         3820 , best:    14.78739    
 local acceptance ratio:  0.4464286    
 metropolis rat:  0.5095541      in         3925 , best:    14.78739    
 local acceptance ratio:  0.4761905    
 metropolis rat:  0.5095699      in         4023 , best:    14.78739    
 local acceptance ratio:  0.5102041    
 Current convergence R-1 =   8.2403168E-02  chain steps =        4059
 slow changes           0  power changes           0
 metropolis rat:  0.5090909      in         4125 , best:    14.78739    
 local acceptance ratio:  0.4901961    
 metropolis rat:  0.5098411      in         4217 , best:    14.78739    
 local acceptance ratio:  0.5434783    
 Current convergence R-1 =   7.5846627E-02  chain steps =        4298
 slow changes           0  power changes           0
 metropolis rat:  0.5072631      in         4337 , best:    14.78739    
 local acceptance ratio:  0.4166667    
 metropolis rat:  0.5077860      in         4431 , best:    14.78739    
 local acceptance ratio:  0.5319149    
 Current convergence R-1 =   7.4301407E-02  chain steps =        4538
 slow changes           0  power changes           0
 metropolis rat:  0.5067195      in         4539 , best:    14.78739    
 local acceptance ratio:  0.4629630    
 metropolis rat:  0.5036434      in         4666 , best:    14.78739    
 local acceptance ratio:  0.3937008    
 metropolis rat:  0.5045196      in         4757 , best:    14.78739    
 local acceptance ratio:  0.5494506    
 Current convergence R-1 =   5.6370560E-02  chain steps =        4779
 slow changes           0  power changes           0
 metropolis rat:  0.5047383      in         4854 , best:    14.78739    
 local acceptance ratio:  0.5154639    
 metropolis rat:  0.5041339      in         4959 , best:    14.78739    
 local acceptance ratio:  0.4761905    
 Current convergence R-1 =   4.4535618E-02  chain steps =        5019
 slow changes           0  power changes           0
 metropolis rat:  0.5023640      in         5076 , best:    14.78739    
 local acceptance ratio:  0.4273504    
 metropolis rat:  0.5024155      in         5175 , best:    14.78739    
 local acceptance ratio:  0.5050505    
 Current convergence R-1 =   6.1166923E-02  chain steps =        5259
 slow changes           0  power changes           0
 metropolis rat:  0.4999057      in         5301 , best:    14.78739    
 local acceptance ratio:  0.3968254    
 metropolis rat:  0.4975124      in         5427 , best:    14.78739    
 local acceptance ratio:  0.3968254    
 Current convergence R-1 =   4.6855997E-02  chain steps =        5499
 slow changes           0  power changes           0
 metropolis rat:  0.4973775      in         5529 , best:    14.78739    
 local acceptance ratio:  0.4901961    
 metropolis rat:  0.4970708      in         5633 , best:    14.78739    
 local acceptance ratio:  0.4807692    
 Current convergence R-1 =   3.7924964E-02  chain steps =        5739
 slow changes           0  power changes           0
 metropolis rat:  0.4951355      in         5756 , best:    14.78739    
 local acceptance ratio:  0.4065041    
 metropolis rat:  0.4956418      in         5851 , best:    14.78739    
 local acceptance ratio:  0.5263158    
 metropolis rat:  0.4959650      in         5948 , best:    14.78739    
 local acceptance ratio:  0.5154639    
 Current convergence R-1 =   2.5497137E-02  chain steps =        5978
 slow changes           0  power changes           0
 metropolis rat:  0.4935834      in         6078 , best:    14.78739    
 local acceptance ratio:  0.3846154    
 metropolis rat:  0.4935275      in         6180 , best:    14.78739    
 local acceptance ratio:  0.4901961    
 Current convergence R-1 =   2.0965239E-02  chain steps =        6219
 slow changes           0  power changes           0
 metropolis rat:  0.4935520      in         6281 , best:    14.78739    
 local acceptance ratio:  0.4950495    
 metropolis rat:  0.4933438      in         6385 , best:    14.78739    
 local acceptance ratio:  0.4807692    
 Current convergence R-1 =   1.6100770E-02  chain steps =        6459
 slow changes           0  power changes           0
 metropolis rat:  0.4929903      in         6491 , best:    14.78739    
 local acceptance ratio:  0.4716981    
 metropolis rat:  0.4913819      in         6614 , best:    14.78739    
 local acceptance ratio:  0.4065041    
 Current convergence R-1 =   1.6141625E-02  chain steps =        6697
 slow changes           0  power changes           0
 metropolis rat:  0.4901961      in         6732 , best:    14.78739    
 local acceptance ratio:  0.4237288    
 metropolis rat:  0.4874854      in         6872 , best:    14.78739    
 local acceptance ratio:  0.3571429    
 Current convergence R-1 =   1.7936694E-02  chain steps =        6938
 slow changes           0  power changes           0
 metropolis rat:  0.4880850      in         6966 , best:    14.78739    
 local acceptance ratio:  0.5319149    
 metropolis rat:  0.4874947      in         7077 , best:    14.78739    
 local acceptance ratio:  0.4504505    
 Current convergence R-1 =   1.8593660E-02  chain steps =        7179
 slow changes           0  power changes           0
 metropolis rat:  0.4862462      in         7198 , best:    14.78739    
 local acceptance ratio:  0.4132231    
 metropolis rat:  0.4839809      in         7335 , best:    14.78739    
 local acceptance ratio:  0.3649635    
 Current convergence R-1 =   1.7635677E-02  chain steps =        7417
 slow changes           0  power changes           0
 metropolis rat:  0.4809619      in         7485 , best:    14.78739    
 local acceptance ratio:  0.3333333    
 metropolis rat:  0.4798212      in         7607 , best:    14.78739    
 local acceptance ratio:  0.4098361    
 Current convergence R-1 =   1.6104346E-02  chain steps =        7659
 slow changes           0  power changes           0
 metropolis rat:  0.4785927      in         7731 , best:    14.78739    
 local acceptance ratio:  0.4032258    
 metropolis rat:  0.4782553      in         7841 , best:    14.78739    
 local acceptance ratio:  0.4545455    
 Current convergence R-1 =   1.6065512E-02  chain steps =        7899
 slow changes           0  power changes           0
 metropolis rat:  0.4772071      in         7963 , best:    14.78739    
 local acceptance ratio:  0.4098361    
 metropolis rat:  0.4768983      in         8073 , best:    14.78739    
 local acceptance ratio:  0.4545455    
 Current convergence R-1 =   1.1999775E-02  chain steps =        8138
 slow changes           0  power changes           0
 metropolis rat:  0.4756678      in         8199 , best:    14.78739    
 local acceptance ratio:  0.3968254    
 metropolis rat:  0.4745315      in         8324 , best:    14.78739    
 local acceptance ratio:  0.4000000    
 Current convergence R-1 =   1.5177814E-02  chain steps =        8378
 slow changes           0  power changes           0
 metropolis rat:  0.4747775      in         8425 , best:    14.78739    
 local acceptance ratio:  0.4950495    
 metropolis rat:  0.4736842      in         8550 , best:    14.78739    
 local acceptance ratio:  0.4000000    
 Current convergence R-1 =   1.4407022E-02  chain steps =        8619
 slow changes           0  power changes           0
 metropolis rat:  0.4726225      in         8675 , best:    14.78739    
 local acceptance ratio:  0.4000000    
 metropolis rat:  0.4723424      in         8786 , best:    14.78739    
 local acceptance ratio:  0.4504505    
 Current convergence R-1 =   1.6222341E-02  chain steps =        8859
 slow changes           0  power changes           0
 metropolis rat:  0.4718041      in         8902 , best:    14.78739    
 local acceptance ratio:  0.4310345    
 metropolis rat:  0.4722222      in         9000 , best:    14.78739    
 local acceptance ratio:  0.5102041    
 Current convergence R-1 =   1.2654723E-02  chain steps =        9099
 slow changes           0  power changes           0
 metropolis rat:  0.4719052      in         9112 , best:    14.78739    
 local acceptance ratio:  0.4464286    
 metropolis rat:  0.4709321      in         9237 , best:    14.78739    
 local acceptance ratio:  0.4000000    
 Current convergence R-1 =   1.2862404E-02  chain steps =        9337
 slow changes           0  power changes           0
Current limit err = 0.4762 for wa; samps = 8883                                                                                 
 metropolis rat:  0.4707393      in         9347 , best:    14.78739    
 local acceptance ratio:  0.4545455    
 metropolis rat:  0.4702029      in         9464 , best:    14.78739    
 local acceptance ratio:  0.4273504    
 metropolis rat:  0.4704161      in         9566 , best:    14.78739    
 local acceptance ratio:  0.4901961    
 Current convergence R-1 =   1.4297123E-02  chain steps =        9579
 slow changes           0  power changes           0
Current limit err = 0.3810 for wa; samps = 9125                                                                                 
 metropolis rat:  0.4693625      in         9694 , best:    14.78739    
 local acceptance ratio:  0.3906250    
 metropolis rat:  0.4693878      in         9800 , best:    14.78739    
 local acceptance ratio:  0.4716981    
 Current convergence R-1 =   1.6173713E-02  chain steps =        9818
 slow changes           0  power changes           0
 metropolis rat:  0.4695547      in         9903 , best:    14.78739    
 local acceptance ratio:  0.4854369    
 metropolis rat:  0.4692961      in        10015 , best:    14.78739    
 local acceptance ratio:  0.4464286    
 Current convergence R-1 =   2.1927869E-02  chain steps =       10058
 slow changes           0  power changes           0
 metropolis rat:  0.4685805      in        10137 , best:    14.78739    
 local acceptance ratio:  0.4098361    
 metropolis rat:  0.4669715      in        10279 , best:    14.78739    
 local acceptance ratio:  0.3521127    
 Current convergence R-1 =   2.5034141E-02  chain steps =       10300
 slow changes           0  power changes           0
 metropolis rat:  0.4667950      in        10390 , best:    14.78739    
 local acceptance ratio:  0.4504505    
 metropolis rat:  0.4674234      in        10483 , best:    14.78739    
 local acceptance ratio:  0.5376344    
 Current convergence R-1 =   2.3894818E-02  chain steps =       10537
 slow changes           0  power changes           0
 metropolis rat:  0.4671133      in        10597 , best:    14.78739    
 local acceptance ratio:  0.4385965    
 metropolis rat:  0.4673334      in        10699 , best:    14.78739    
 local acceptance ratio:  0.4901961    
 Current convergence R-1 =   2.3659756E-02  chain steps =       10778
 slow changes           0  power changes           0
 metropolis rat:  0.4666851      in        10821 , best:    14.78739    
 local acceptance ratio:  0.4098361    
 metropolis rat:  0.4665630      in        10931 , best:    14.78739    
 local acceptance ratio:  0.4545455    
 Current convergence R-1 =   2.5502982E-02  chain steps =       11019
 slow changes           0  power changes           0
 metropolis rat:  0.4659790      in        11052 , best:    14.78739    
 local acceptance ratio:  0.4132231    
 metropolis rat:  0.4654493      in        11172 , best:    14.78739    
 local acceptance ratio:  0.4166667    
 Current convergence R-1 =   2.5440836E-02  chain steps =       11259
 slow changes           0  power changes           0
 metropolis rat:  0.4653018      in        11283 , best:    14.78739    
 local acceptance ratio:  0.4504505    
 metropolis rat:  0.4657703      in        11379 , best:    14.78739    
 local acceptance ratio:  0.5208333    
 Current convergence R-1 =   2.4343474E-02  chain steps =       11499
 slow changes           0  power changes           0
 metropolis rat:  0.4651365      in        11502 , best:    14.78739    
 local acceptance ratio:  0.4065041    
 metropolis rat:  0.4650762      in        11611 , best:    14.78739    
 local acceptance ratio:  0.4587156    
 metropolis rat:  0.4656925      in        11703 , best:    14.78739    
 local acceptance ratio:  0.5434783    
 Current convergence R-1 =   2.6966978E-02  chain steps =       11739
 slow changes           0  power changes           0
 metropolis rat:  0.4650770      in        11826 , best:    14.78739    
 local acceptance ratio:  0.4065041    
 metropolis rat:  0.4651748      in        11931 , best:    14.78739    
 local acceptance ratio:  0.4761905    
 Current convergence R-1 =   2.7709788E-02  chain steps =       11977
 slow changes           0  power changes           0
 metropolis rat:  0.4655416      in        12029 , best:    14.78739    
 local acceptance ratio:  0.5102041    
 metropolis rat:  0.4652120      in        12145 , best:    14.78739    
 local acceptance ratio:  0.4310345    
 Current convergence R-1 =   2.7210765E-02  chain steps =       12219
 slow changes           0  power changes           0
 metropolis rat:  0.4651163      in        12255 , best:    14.78739    
 local acceptance ratio:  0.4545455    
 metropolis rat:  0.4646840      in        12374 , best:    14.78739    
 local acceptance ratio:  0.4201681    
 Current convergence R-1 =   2.6248759E-02  chain steps =       12459
 slow changes           0  power changes           0
 metropolis rat:  0.4642228      in        12494 , best:    14.78739    
 local acceptance ratio:  0.4166667    
 metropolis rat:  0.4637336      in        12615 , best:    14.78739    
 local acceptance ratio:  0.4132231    
 Current convergence R-1 =   2.4835840E-02  chain steps =       12699
 slow changes           0  power changes           0
 metropolis rat:  0.4637271      in        12723 , best:    14.78739    
 local acceptance ratio:  0.4629630    
 metropolis rat:  0.4638653      in        12827 , best:    14.78739    
 local acceptance ratio:  0.4807692    
 metropolis rat:  0.4640012      in        12931 , best:    14.78739    
 local acceptance ratio:  0.4807692    
 Current convergence R-1 =   2.2482969E-02  chain steps =       12938
 slow changes           0  power changes           0
 metropolis rat:  0.4640638      in        13037 , best:    14.78739    
 local acceptance ratio:  0.4716981    
 metropolis rat:  0.4644434      in        13134 , best:    14.78739    
 local acceptance ratio:  0.5154639    
 Current convergence R-1 =   2.1899486E-02  chain steps =       13179
 slow changes           0  power changes           0
 metropolis rat:  0.4644313      in        13242 , best:    14.78739    
 local acceptance ratio:  0.4629630    
 metropolis rat:  0.4644891      in        13348 , best:    14.78739    
 local acceptance ratio:  0.4716981    
 Current convergence R-1 =   1.8684609E-02  chain steps =       13419
 slow changes           0  power changes           0
 metropolis rat:  0.4640630      in        13468 , best:    14.78739    
 local acceptance ratio:  0.4166667    
 metropolis rat:  0.4643278      in        13568 , best:    14.78739    
 local acceptance ratio:  0.5000000    
 Current convergence R-1 =   1.8711079E-02  chain steps =       13659
 slow changes           0  power changes           0
 metropolis rat:  0.4640795      in        13683 , best:    14.78739    
 local acceptance ratio:  0.4347826    
 metropolis rat:  0.4644412      in        13780 , best:    14.78739    
 local acceptance ratio:  0.5154639    
 metropolis rat:  0.4642626      in        13893 , best:    14.78739    
 local acceptance ratio:  0.4424779    
 Current convergence R-1 =   2.1884728E-02  chain steps =       13897
 slow changes           0  power changes           0
 metropolis rat:  0.4647172      in        13987 , best:    14.78739    
 local acceptance ratio:  0.5319149    
 metropolis rat:  0.4645720      in        14099 , best:    14.78739    
 local acceptance ratio:  0.4464286    
 Current convergence R-1 =   2.1662261E-02  chain steps =       14138
 slow changes           0  power changes           0
 metropolis rat:  0.4642330      in        14217 , best:    14.78739    
 local acceptance ratio:  0.4237288    
 metropolis rat:  0.4635115      in        14347 , best:    14.78739    
 local acceptance ratio:  0.3846154    
 Current convergence R-1 =   1.6995303E-02  chain steps =       14378
 slow changes           0  power changes           0
 metropolis rat:  0.4641175      in        14436 , best:    14.78739    
 local acceptance ratio:  0.5617977    
 metropolis rat:  0.4635670      in        14561 , best:    14.78739    
 local acceptance ratio:  0.4000000    
 Current convergence R-1 =   1.6523108E-02  chain steps =       14619
 slow changes           0  power changes           0
 metropolis rat:  0.4638156      in        14661 , best:    14.78739    
 local acceptance ratio:  0.5000000    
 metropolis rat:  0.4642809      in        14754 , best:    14.78739    
 local acceptance ratio:  0.5376344    
 Current convergence R-1 =   1.4656641E-02  chain steps =       14859
 slow changes           0  power changes           0
 metropolis rat:  0.4643338      in        14860 , best:    14.78739    
 local acceptance ratio:  0.4716981    
 metropolis rat:  0.4642308      in        14971 , best:    14.78739    
 local acceptance ratio:  0.4504505    
 metropolis rat:  0.4646223      in        15066 , best:    14.78739    
 local acceptance ratio:  0.5263158    
 Current convergence R-1 =   1.1457258E-02  chain steps =       15097
 slow changes           0  power changes           0
Current limit err = 0.2235 for w; samps = 14643                                                                                 
 metropolis rat:  0.4649476      in        15163 , best:    14.78739    
 local acceptance ratio:  0.5154639    
 metropolis rat:  0.4647205      in        15278 , best:    14.78739    
 local acceptance ratio:  0.4347826    
 Current convergence R-1 =   1.0494040E-02  chain steps =       15339
 slow changes           0  power changes           0
Current limit err = 0.2332 for w; samps = 14885                                                                                 
 metropolis rat:  0.4650104      in        15376 , best:    14.78062    
 local acceptance ratio:  0.5102041    
 metropolis rat:  0.4649060      in        15487 , best:    14.78062    
 local acceptance ratio:  0.4504505    
 Current convergence R-1 =   1.0276913E-02  chain steps =       15577
 slow changes           0  power changes           0
Current limit err = 0.2389 for w; samps = 15123                                                                                 
 metropolis rat:  0.4642674      in        15616 , best:    14.78062    
 local acceptance ratio:  0.3875969    
 metropolis rat:  0.4641109      in        15729 , best:    14.78062    
 local acceptance ratio:  0.4424779    
 Current convergence R-1 =   1.2727757E-02  chain steps =       15819
 slow changes           0  power changes           0
Current limit err = 0.2686 for w; samps = 15365                                                                                 
 metropolis rat:  0.4642789      in        15831 , best:    14.78062    
 local acceptance ratio:  0.4901961    
 metropolis rat:  0.4646198      in        15927 , best:    14.78062    
 local acceptance ratio:  0.5208333    
 metropolis rat:  0.4640877      in        16053 , best:    14.78062    
 local acceptance ratio:  0.3968254    
 Current convergence R-1 =   1.3139877E-02  chain steps =       16058
 slow changes           0  power changes           0
Current limit err = 0.2793 for w; samps = 15604                                                                                 
 metropolis rat:  0.4641951      in        16157 , best:    14.78062    
 local acceptance ratio:  0.4807692    
 metropolis rat:  0.4640728      in        16269 , best:    14.78062    
 local acceptance ratio:  0.4464286    
 Current convergence R-1 =   1.3680293E-02  chain steps =       16298
 slow changes           0  power changes           0
Current limit err = 0.2614 for w; samps = 15844                                                                                 
 metropolis rat:  0.4640938      in        16376 , best:    14.78062    
 local acceptance ratio:  0.4672897    
 metropolis rat:  0.4644527      in        16471 , best:    14.78062    
 local acceptance ratio:  0.5263158    
 Current convergence R-1 =   1.3802776E-02  chain steps =       16539
 slow changes           0  power changes           0
Current limit err = 0.2143 for omegabh2; samps = 16085                                                                          
 metropolis rat:  0.4646111      in        16573 , best:    14.78062    
 local acceptance ratio:  0.4901961    
 metropolis rat:  0.4644891      in        16685 , best:    14.78062    
 local acceptance ratio:  0.4464286    
 metropolis rat:  0.4650885      in        16771 , best:    14.78062    
 local acceptance ratio:  0.5813953    
 Current convergence R-1 =   1.4093360E-02  chain steps =       16777
 slow changes           0  power changes           0
Current limit err = 0.2066 for omegabh2; samps = 16323                                                                          
 metropolis rat:  0.4654058      in        16867 , best:    14.78062    
 local acceptance ratio:  0.5208333    
 metropolis rat:  0.4652807      in        16979 , best:    14.78062    
 local acceptance ratio:  0.4464286    
 Current convergence R-1 =   1.2941383E-02  chain steps =       17020
 slow changes           0  power changes           0
Current limit err = 0.2067 for ns; samps = 16566                                                                                
 metropolis rat:  0.4649939      in        17097 , best:    14.78062    
 local acceptance ratio:  0.4237288    
 metropolis rat:  0.4647650      in        17213 , best:    14.78062    
 local acceptance ratio:  0.4310345    
 Current convergence R-1 =   1.3795058E-02  chain steps =       17258
 slow changes           0  power changes           0
Current limit err = 0.2207 for ns; samps = 16804                                                                                
 metropolis rat:  0.4647538      in        17321 , best:    14.78062    
 local acceptance ratio:  0.4629630    
 metropolis rat:  0.4649027      in        17423 , best:    14.78062    
 local acceptance ratio:  0.4901961    
 Current convergence R-1 =   1.3041195E-02  chain steps =       17498
 slow changes           0  power changes           0
Current limit err = 0.2013 for omegabh2; samps = 17044                                                                          
 metropolis rat:  0.4648643      in        17532 , best:    14.78062    
 local acceptance ratio:  0.4587156    
 metropolis rat:  0.4645629      in        17651 , best:    14.78062    
 local acceptance ratio:  0.4201681    
 Current convergence R-1 =   1.2427301E-02  chain steps =       17739
 slow changes           0  power changes           0
Current limit err = 0.2103 for omegabh2; samps = 17285                                                                          
 metropolis rat:  0.4640567      in        17778 , best:    14.78062    
 local acceptance ratio:  0.3937008    
 metropolis rat:  0.4642318      in        17879 , best:    14.78062    
 local acceptance ratio:  0.4950495    
 Current convergence R-1 =   1.5011167E-02  chain steps =       17979
 slow changes           0  power changes           0
 metropolis rat:  0.4640436      in        17994 , best:    14.78062    
 local acceptance ratio:  0.4347826    
 metropolis rat:  0.4640628      in        18101 , best:    14.78062    
 local acceptance ratio:  0.4672897    
 metropolis rat:  0.4639798      in        18212 , best:    14.78062    
 local acceptance ratio:  0.4504505    
 Current convergence R-1 =   1.4755861E-02  chain steps =       18219
 slow changes           0  power changes           0
 metropolis rat:  0.4636701      in        18332 , best:    14.78062    
 local acceptance ratio:  0.4166667    
 metropolis rat:  0.4634398      in        18449 , best:    14.78062    
 local acceptance ratio:  0.4273504    
 Current convergence R-1 =   1.5047612E-02  chain steps =       18459
 slow changes           0  power changes           0
 metropolis rat:  0.4637119      in        18546 , best:    14.78062    
 local acceptance ratio:  0.5154639    
 metropolis rat:  0.4638070      in        18650 , best:    14.78062    
 local acceptance ratio:  0.4807692    
 Current convergence R-1 =   1.7852066E-02  chain steps =       18699
 slow changes           0  power changes           0
 metropolis rat:  0.4634068      in        18774 , best:    14.78062    
 local acceptance ratio:  0.4032258    
 metropolis rat:  0.4636498      in        18872 , best:    14.78062    
 local acceptance ratio:  0.5102041    
 Current convergence R-1 =   1.6796548E-02  chain steps =       18938
 slow changes           0  power changes           0
 metropolis rat:  0.4636215      in        18981 , best:    14.78062    
 local acceptance ratio:  0.4587156    
 metropolis rat:  0.4636178      in        19089 , best:    14.78062    
 local acceptance ratio:  0.4629630    
 Current convergence R-1 =   1.5287604E-02  chain steps =       19179
 slow changes           0  power changes           0
 metropolis rat:  0.4637591      in        19191 , best:    14.78062    
 local acceptance ratio:  0.4901961    
 metropolis rat:  0.4638027      in        19297 , best:    14.78062    
 local acceptance ratio:  0.4716981    
 metropolis rat:  0.4637502      in        19407 , best:    14.78062    
 local acceptance ratio:  0.4545455    
 Current convergence R-1 =   1.6800659E-02  chain steps =       19417
 slow changes           0  power changes           0
 metropolis rat:  0.4636033      in        19521 , best:    14.78062    
 local acceptance ratio:  0.4385965    
 metropolis rat:  0.4632458      in        19644 , best:    14.78062    
 local acceptance ratio:  0.4065041    
 Current convergence R-1 =   1.6264355E-02  chain steps =       19658
 slow changes           0  power changes           0
 metropolis rat:  0.4630567      in        19760 , best:    14.78062    
 local acceptance ratio:  0.4310345    
 metropolis rat:  0.4627068      in        19883 , best:    14.78062    
 local acceptance ratio:  0.4065041    
 Current convergence R-1 =   1.5031588E-02  chain steps =       19899
 slow changes           0  power changes           0
 metropolis rat:  0.4626388      in        19994 , best:    14.78062    
 local acceptance ratio:  0.4504505    
 metropolis rat:  0.4625715      in        20105 , best:    14.78062    
 local acceptance ratio:  0.4504505    
 Current convergence R-1 =   1.3842481E-02  chain steps =       20139
 slow changes           0  power changes           0
 metropolis rat:  0.4626194      in        20211 , best:    14.78062    
 local acceptance ratio:  0.4716981    
 metropolis rat:  0.4624164      in        20328 , best:    14.78062    
 local acceptance ratio:  0.4273504    
 Current convergence R-1 =   1.1714391E-02  chain steps =       20379
 slow changes           0  power changes           0
Current limit err = 0.1772 for omegabh2; samps = 19925                                                                          
 metropolis rat:  0.4623288      in        20440 , best:    14.78062    
 local acceptance ratio:  0.4464286    
 metropolis rat:  0.4625572      in        20538 , best:    14.78062    
 local acceptance ratio:  0.5102041    
 Current convergence R-1 =   1.0579390E-02  chain steps =       20618
 slow changes           0  power changes           0
Current limit err = 0.1653 for omegabh2; samps = 20164                                                                          
